a == 2.*(t_post) + (VAR_a) && t == 0. + 1.*(t_post) && (a_i) == (VAR_a) && ((-10. + 1.*(VAR_a) < 0 && -10. + 2.*(t_post) + 1.*(VAR_a) < 0) || ((t_post) < 0 && -5. + 1.*(t_post) + 0.5*(VAR_a) < 0) || (10. - 1.*(VAR_a) < 0 && -(VAR_a) < 0 && (t_post) < 0)) && (t_i) == (VAR_t) && -5. + 1.*(t_post) < 0 && (t_post) >= 0.
