cpost >= 0 && -1.*ep <= 0. && ep > 0 && -1.*fpost <= 1. && -1.*l <= 0. && ep*fpost + l - m <= 0 && 1.*cpost - 1.*tpost == 0 && tpost >= 0 && -1.*ep + 1.*tpost <= 0 && -1.*l - 1.*fpost*tpost <= 0 && l - lpost + fpost*tpost == 0 && (-1.*fpost <= 0 || fpost == 0 || (l != 0 && -1.*fpost*l <= 0) || (1.*fpost*l <= 0 && 1.*fpost*l + 1.*fpost^2*tpost <= 0))
