<generatedTop>
  <k>
    .
  </k>
  <pgmVars>
    b , a , .Ids
  </pgmVars>
  <state>
    a |-> #VarReal ( a ) + 1.0
    b |-> ( #VarReal ( a ) + 1.0 ) * 2.0
  </state>
  <evolutionConditions>
    .Set
  </evolutionConditions>
  <nonDetAssignments>
    .Map
  </nonDetAssignments>
  <counter>
    0
  </counter>
</generatedTop>
