<generatedTop>
  <k>
    .
  </k>
  <pgmVars>
    b , a , .Ids
  </pgmVars>
  <state>
    a |-> #VarReal ( VAR_a ) +Real 1.0
    b |-> ( #VarReal ( VAR_a ) +Real 1.0 ) *Real 2.0
  </state>
  <evolutionConditions>
    SetItem ( a_i == #VarReal ( VAR_a ) )
    SetItem ( b_i == #VarReal ( VAR_b ) )
  </evolutionConditions>
  <counter>
    0
  </counter>
</generatedTop>
