<generatedTop>
  <k>
    .
  </k>
  <state>
    a |-> #VarReal ( a ) + 1.0
    b |-> ( #VarReal ( a ) + 1.0 ) * 2.0
  </state>
  <gPgmVars>
    b , a , .Ids
  </gPgmVars>
  <gNonDetAssignments>
    .Map
  </gNonDetAssignments>
  <gEvolutionConditions>
    .Set
  </gEvolutionConditions>
  <counter>
    0
  </counter>
  .SynthesisCell
</generatedTop>
