<generatedTop>
  <k>
    .
  </k>
  <state>
    a |-> 3.0
  </state>
  <gPgmVars>
    a , .Ids
  </gPgmVars>
  <gNonDetAssignments>
    .Map
  </gNonDetAssignments>
  <gEvolutionConditions>
    SetItem ( #VarReal ( a ) > 2.0 )
  </gEvolutionConditions>
  <counter>
    0
  </counter>
  .SynthesisCell
</generatedTop>
