<generatedTop>
  <k>
    .
  </k>
  <pgmVars>
    a , .Ids
  </pgmVars>
  <state>
    a |-> 0.0 + 0.1
  </state>
  <evolutionConditions>
    .Set
  </evolutionConditions>
  <nonDetAssignments>
    .Map
  </nonDetAssignments>
  <counter>
    0
  </counter>
  <constraints>
    .
  </constraints>
</generatedTop>
