<generatedTop>
  <k>
    .
  </k>
  <state>
    a |-> 1.0 + 2.0 * 3.0
  </state>
  <gPgmVars>
    a , .Ids
  </gPgmVars>
  <gNonDetAssignments>
    .Map
  </gNonDetAssignments>
  <gEvolutionConditions>
    .Set
  </gEvolutionConditions>
  <counter>
    0
  </counter>
  .SynthesisCell
</generatedTop>
