<generatedTop>
  <k>
    .
  </k>
  <pgmVars>
    a , .Ids
  </pgmVars>
  <state>
    a |-> #VarReal ( a0 )
  </state>
  <evolutionConditions>
    .Set
  </evolutionConditions>
  <nonDetAssignments>
    a |-> #VarReal ( a0 )
  </nonDetAssignments>
  <counter>
    1
  </counter>
  <constraints>
    .
  </constraints>
</generatedTop>
