<generatedTop>
  <k>
    .
  </k>
  <state>
    a |-> #VarReal ( a0 )
  </state>
  <gPgmVars>
    a , .Ids
  </gPgmVars>
  <gNonDetAssignments>
    a |-> #VarReal ( a0 )
  </gNonDetAssignments>
  <gEvolutionConditions>
    .Set
  </gEvolutionConditions>
  <counter>
    1
  </counter>
  .SynthesisCell
</generatedTop>
